  Determining projects to restore...
C:\Users\justin\Source\ghostworx\repos\ghostagram\src\Ghostagram.Blazor\Ghostagram.Blazor.csproj : error NU1101: Unable to find package MudBlazor. No packages exist with this id in source(s): C:\Users\justin\Source\ghostworx\repos\ghostagram\.swe\implementations\EPIC-002\FEATURE-004\checks\candidate-release\empty-feed [C:\Users\justin\Source\ghostworx\repos\ghostagram\.swe\implementations\EPIC-002\FEATURE-004\checks\candidate-release\Ghostagram.LocalChecks.slnx]
C:\Users\justin\Source\ghostworx\repos\ghostagram\tests\Ghostagram.Server.GraphWorkspace.Tests\Ghostagram.Server.GraphWorkspace.Tests.csproj : error NU1101: Unable to find package ModelContextProtocol.AspNetCore. No packages exist with this id in source(s): C:\Users\justin\Source\ghostworx\repos\ghostagram\.swe\implementations\EPIC-002\FEATURE-004\checks\candidate-release\empty-feed [C:\Users\justin\Source\ghostworx\repos\ghostagram\.swe\implementations\EPIC-002\FEATURE-004\checks\candidate-release\Ghostagram.LocalChecks.slnx]
C:\Users\justin\Source\ghostworx\repos\ghostagram\tests\Ghostagram.Persistence.Tests\Ghostagram.Persistence.Tests.csproj : error NU1101: Unable to find package ModelContextProtocol.AspNetCore. No packages exist with this id in source(s): C:\Users\justin\Source\ghostworx\repos\ghostagram\.swe\implementations\EPIC-002\FEATURE-004\checks\candidate-release\empty-feed [C:\Users\justin\Source\ghostworx\repos\ghostagram\.swe\implementations\EPIC-002\FEATURE-004\checks\candidate-release\Ghostagram.LocalChecks.slnx]
C:\Users\justin\Source\ghostworx\repos\ghostagram\src\Ghostagram.Server\Ghostagram.Server.csproj : error NU1101: Unable to find package ModelContextProtocol.AspNetCore. No packages exist with this id in source(s): C:\Users\justin\Source\ghostworx\repos\ghostagram\.swe\implementations\EPIC-002\FEATURE-004\checks\candidate-release\empty-feed [C:\Users\justin\Source\ghostworx\repos\ghostagram\.swe\implementations\EPIC-002\FEATURE-004\checks\candidate-release\Ghostagram.LocalChecks.slnx]
C:\Users\justin\Source\ghostworx\repos\ghostagram\tests\Ghostagram.Server.GraphWorkspace.Tests\Ghostagram.Server.GraphWorkspace.Tests.csproj : error NU1101: Unable to find package MudBlazor. No packages exist with this id in source(s): C:\Users\justin\Source\ghostworx\repos\ghostagram\.swe\implementations\EPIC-002\FEATURE-004\checks\candidate-release\empty-feed [C:\Users\justin\Source\ghostworx\repos\ghostagram\.swe\implementations\EPIC-002\FEATURE-004\checks\candidate-release\Ghostagram.LocalChecks.slnx]
C:\Users\justin\Source\ghostworx\repos\ghostagram\tests\Ghostagram.Persistence.Tests\Ghostagram.Persistence.Tests.csproj : error NU1101: Unable to find package MudBlazor. No packages exist with this id in source(s): C:\Users\justin\Source\ghostworx\repos\ghostagram\.swe\implementations\EPIC-002\FEATURE-004\checks\candidate-release\empty-feed [C:\Users\justin\Source\ghostworx\repos\ghostagram\.swe\implementations\EPIC-002\FEATURE-004\checks\candidate-release\Ghostagram.LocalChecks.slnx]
C:\Users\justin\Source\ghostworx\repos\ghostagram\src\Ghostagram.Server\Ghostagram.Server.csproj : error NU1101: Unable to find package MudBlazor. No packages exist with this id in source(s): C:\Users\justin\Source\ghostworx\repos\ghostagram\.swe\implementations\EPIC-002\FEATURE-004\checks\candidate-release\empty-feed [C:\Users\justin\Source\ghostworx\repos\ghostagram\.swe\implementations\EPIC-002\FEATURE-004\checks\candidate-release\Ghostagram.LocalChecks.slnx]
C:\Users\justin\Source\ghostworx\repos\ghostagram\tests\Ghostagram.Layout.Verification\Ghostagram.Layout.Verification.csproj : error NU1101: Unable to find package ModelContextProtocol.AspNetCore. No packages exist with this id in source(s): C:\Users\justin\Source\ghostworx\repos\ghostagram\.swe\implementations\EPIC-002\FEATURE-004\checks\candidate-release\empty-feed [C:\Users\justin\Source\ghostworx\repos\ghostagram\.swe\implementations\EPIC-002\FEATURE-004\checks\candidate-release\Ghostagram.LocalChecks.slnx]
C:\Users\justin\Source\ghostworx\repos\ghostagram\tests\Ghostagram.Layout.Verification\Ghostagram.Layout.Verification.csproj : error NU1101: Unable to find package MudBlazor. No packages exist with this id in source(s): C:\Users\justin\Source\ghostworx\repos\ghostagram\.swe\implementations\EPIC-002\FEATURE-004\checks\candidate-release\empty-feed [C:\Users\justin\Source\ghostworx\repos\ghostagram\.swe\implementations\EPIC-002\FEATURE-004\checks\candidate-release\Ghostagram.LocalChecks.slnx]
  Restored C:\Users\justin\Source\ghostworx\repos\ghostagram\src\Ghostagram.Contracts\Ghostagram.Contracts.csproj (in 131 ms).
  Restored C:\Users\justin\Source\ghostworx\repos\ghostagram\tests\Ghostagram.Core.Tests\Ghostagram.Core.Tests.csproj (in 146 ms).
  Restored C:\Users\justin\Source\ghostworx\repos\ghostagram\src\Ghostagram.Core\Ghostagram.Core.csproj (in 146 ms).
  Restored C:\Users\justin\Source\ghostworx\repos\ghostagram\tests\Ghostagram.Bridge.Tests\Ghostagram.Bridge.Tests.csproj (in 150 ms).
  Restored C:\Users\justin\Source\ghostworx\repos\ghostagram\src\Ghostagram.Execution\Ghostagram.Execution.csproj (in 148 ms).
  Restored C:\Users\justin\Source\ghostworx\repos\ghostagram\src\Ghostagram.NodeSets.Maf\Ghostagram.NodeSets.Maf.csproj (in 149 ms).
  Failed to restore C:\Users\justin\Source\ghostworx\repos\ghostagram\src\Ghostagram.Blazor\Ghostagram.Blazor.csproj (in 147 ms).
  Restored C:\Users\justin\Source\ghostworx\repos\ghostagram\src\Ghostagram.NodeSets.UML\Ghostagram.NodeSets.UML.csproj (in 150 ms).
  Restored C:\Users\justin\Source\ghostworx\repos\ghostagram\tests\Ghostagram.Execution.Tests\Ghostagram.Execution.Tests.csproj (in 150 ms).
  Restored C:\Users\justin\Source\ghostworx\repos\ghostagram\src\Ghostagram.Bridge\Ghostagram.Bridge.csproj (in 150 ms).
  Restored C:\Users\justin\Source\ghostworx\repos\ghostagram\tests\Ghostagram.Cutover.Tests\Ghostagram.Cutover.Tests.csproj (in 151 ms).
  Restored C:\Users\justin\Source\ghostworx\repos\ghostagram\benchmarks\Ghostagram.Bridge.Benchmarks\Ghostagram.Bridge.Benchmarks.csproj (in 151 ms).
  Failed to restore C:\Users\justin\Source\ghostworx\repos\ghostagram\tests\Ghostagram.Server.GraphWorkspace.Tests\Ghostagram.Server.GraphWorkspace.Tests.csproj (in 152 ms).
  Failed to restore C:\Users\justin\Source\ghostworx\repos\ghostagram\tests\Ghostagram.Persistence.Tests\Ghostagram.Persistence.Tests.csproj (in 153 ms).
  Restored C:\Users\justin\Source\ghostworx\repos\ghostagram\tests\Ghostagram.Graph.Conformance\Ghostagram.Graph.Conformance.csproj (in 153 ms).
  Failed to restore C:\Users\justin\Source\ghostworx\repos\ghostagram\tests\Ghostagram.Layout.Verification\Ghostagram.Layout.Verification.csproj (in 153 ms).
  Restored C:\Users\justin\Source\ghostworx\repos\ghostagram\tests\Ghostagram.Graph.Conformance.Tests\Ghostagram.Graph.Conformance.Tests.csproj (in 153 ms).
  Failed to restore C:\Users\justin\Source\ghostworx\repos\ghostagram\src\Ghostagram.Server\Ghostagram.Server.csproj (in 171 ms).
