  Determining projects to restore...
  Restored C:\Users\justin\Source\ghostworx\repos\ghostagram\src\Ghostagram.Contracts\Ghostagram.Contracts.csproj (in 128 ms).
  Restored C:\Users\justin\Source\ghostworx\repos\ghostagram\src\Ghostagram.Core\Ghostagram.Core.csproj (in 140 ms).
  Restored C:\Users\justin\Source\ghostworx\repos\ghostagram\tests\Ghostagram.Core.Tests\Ghostagram.Core.Tests.csproj (in 140 ms).
  Restored C:\Users\justin\Source\ghostworx\repos\ghostagram\src\Ghostagram.NodeSets.Maf\Ghostagram.NodeSets.Maf.csproj (in 142 ms).
  Restored C:\Users\justin\Source\ghostworx\repos\ghostagram\src\Ghostagram.NodeSets.UML\Ghostagram.NodeSets.UML.csproj (in 142 ms).
  Restored C:\Users\justin\Source\ghostworx\repos\ghostagram\src\Ghostagram.Execution\Ghostagram.Execution.csproj (in 142 ms).
  Restored C:\Users\justin\Source\ghostworx\repos\ghostagram\tests\Ghostagram.Bridge.Tests\Ghostagram.Bridge.Tests.csproj (in 143 ms).
  Restored C:\Users\justin\Source\ghostworx\repos\ghostagram\src\Ghostagram.Bridge\Ghostagram.Bridge.csproj (in 143 ms).
  Restored C:\Users\justin\Source\ghostworx\repos\ghostagram\tests\Ghostagram.Execution.Tests\Ghostagram.Execution.Tests.csproj (in 143 ms).
  Restored C:\Users\justin\Source\ghostworx\repos\ghostagram\benchmarks\Ghostagram.Bridge.Benchmarks\Ghostagram.Bridge.Benchmarks.csproj (in 143 ms).
  Restored C:\Users\justin\Source\ghostworx\repos\ghostagram\tests\Ghostagram.Cutover.Tests\Ghostagram.Cutover.Tests.csproj (in 143 ms).
  Restored C:\Users\justin\Source\ghostworx\repos\ghostagram\tests\Ghostagram.Graph.Conformance.Tests\Ghostagram.Graph.Conformance.Tests.csproj (in 144 ms).
  Restored C:\Users\justin\Source\ghostworx\repos\ghostagram\tests\Ghostagram.Graph.Conformance\Ghostagram.Graph.Conformance.csproj (in 144 ms).
C:\Users\justin\Source\ghostworx\repos\ghostagram\tests\Ghostagram.Server.GraphWorkspace.Tests\Ghostagram.Server.GraphWorkspace.Tests.csproj : error NU1301: Unable to load the service index for source https://api.nuget.org/v3/index.json. [C:\Users\justin\Source\ghostworx\repos\ghostagram\.swe\implementations\EPIC-002\FEATURE-004\checks\candidate-release\Ghostagram.LocalChecks.slnx]
C:\Users\justin\Source\ghostworx\repos\ghostagram\tests\Ghostagram.Server.GraphWorkspace.Tests\Ghostagram.Server.GraphWorkspace.Tests.csproj : error NU1301:   An attempt was made to access a socket in a way forbidden by its access permissions. (api.nuget.org:443) [C:\Users\justin\Source\ghostworx\repos\ghostagram\.swe\implementations\EPIC-002\FEATURE-004\checks\candidate-release\Ghostagram.LocalChecks.slnx]
C:\Users\justin\Source\ghostworx\repos\ghostagram\tests\Ghostagram.Server.GraphWorkspace.Tests\Ghostagram.Server.GraphWorkspace.Tests.csproj : error NU1301:   An attempt was made to access a socket in a way forbidden by its access permissions. [C:\Users\justin\Source\ghostworx\repos\ghostagram\.swe\implementations\EPIC-002\FEATURE-004\checks\candidate-release\Ghostagram.LocalChecks.slnx]
C:\Users\justin\Source\ghostworx\repos\ghostagram\tests\Ghostagram.Persistence.Tests\Ghostagram.Persistence.Tests.csproj : error NU1301: Unable to load the service index for source https://api.nuget.org/v3/index.json. [C:\Users\justin\Source\ghostworx\repos\ghostagram\.swe\implementations\EPIC-002\FEATURE-004\checks\candidate-release\Ghostagram.LocalChecks.slnx]
C:\Users\justin\Source\ghostworx\repos\ghostagram\tests\Ghostagram.Persistence.Tests\Ghostagram.Persistence.Tests.csproj : error NU1301:   An attempt was made to access a socket in a way forbidden by its access permissions. (api.nuget.org:443) [C:\Users\justin\Source\ghostworx\repos\ghostagram\.swe\implementations\EPIC-002\FEATURE-004\checks\candidate-release\Ghostagram.LocalChecks.slnx]
C:\Users\justin\Source\ghostworx\repos\ghostagram\tests\Ghostagram.Persistence.Tests\Ghostagram.Persistence.Tests.csproj : error NU1301:   An attempt was made to access a socket in a way forbidden by its access permissions. [C:\Users\justin\Source\ghostworx\repos\ghostagram\.swe\implementations\EPIC-002\FEATURE-004\checks\candidate-release\Ghostagram.LocalChecks.slnx]
C:\Users\justin\Source\ghostworx\repos\ghostagram\tests\Ghostagram.Layout.Verification\Ghostagram.Layout.Verification.csproj : error NU1301: Unable to load the service index for source https://api.nuget.org/v3/index.json. [C:\Users\justin\Source\ghostworx\repos\ghostagram\.swe\implementations\EPIC-002\FEATURE-004\checks\candidate-release\Ghostagram.LocalChecks.slnx]
C:\Users\justin\Source\ghostworx\repos\ghostagram\tests\Ghostagram.Layout.Verification\Ghostagram.Layout.Verification.csproj : error NU1301:   An attempt was made to access a socket in a way forbidden by its access permissions. (api.nuget.org:443) [C:\Users\justin\Source\ghostworx\repos\ghostagram\.swe\implementations\EPIC-002\FEATURE-004\checks\candidate-release\Ghostagram.LocalChecks.slnx]
C:\Users\justin\Source\ghostworx\repos\ghostagram\tests\Ghostagram.Layout.Verification\Ghostagram.Layout.Verification.csproj : error NU1301:   An attempt was made to access a socket in a way forbidden by its access permissions. [C:\Users\justin\Source\ghostworx\repos\ghostagram\.swe\implementations\EPIC-002\FEATURE-004\checks\candidate-release\Ghostagram.LocalChecks.slnx]
C:\Users\justin\Source\ghostworx\repos\ghostagram\src\Ghostagram.Server\Ghostagram.Server.csproj : error NU1301: Unable to load the service index for source https://api.nuget.org/v3/index.json. [C:\Users\justin\Source\ghostworx\repos\ghostagram\.swe\implementations\EPIC-002\FEATURE-004\checks\candidate-release\Ghostagram.LocalChecks.slnx]
C:\Users\justin\Source\ghostworx\repos\ghostagram\src\Ghostagram.Server\Ghostagram.Server.csproj : error NU1301:   An attempt was made to access a socket in a way forbidden by its access permissions. (api.nuget.org:443) [C:\Users\justin\Source\ghostworx\repos\ghostagram\.swe\implementations\EPIC-002\FEATURE-004\checks\candidate-release\Ghostagram.LocalChecks.slnx]
C:\Users\justin\Source\ghostworx\repos\ghostagram\src\Ghostagram.Server\Ghostagram.Server.csproj : error NU1301:   An attempt was made to access a socket in a way forbidden by its access permissions. [C:\Users\justin\Source\ghostworx\repos\ghostagram\.swe\implementations\EPIC-002\FEATURE-004\checks\candidate-release\Ghostagram.LocalChecks.slnx]
  Failed to restore C:\Users\justin\Source\ghostworx\repos\ghostagram\tests\Ghostagram.Server.GraphWorkspace.Tests\Ghostagram.Server.GraphWorkspace.Tests.csproj (in 5.89 sec).
  Failed to restore C:\Users\justin\Source\ghostworx\repos\ghostagram\tests\Ghostagram.Layout.Verification\Ghostagram.Layout.Verification.csproj (in 5.89 sec).
  Failed to restore C:\Users\justin\Source\ghostworx\repos\ghostagram\src\Ghostagram.Server\Ghostagram.Server.csproj (in 5.89 sec).
  Failed to restore C:\Users\justin\Source\ghostworx\repos\ghostagram\tests\Ghostagram.Persistence.Tests\Ghostagram.Persistence.Tests.csproj (in 5.89 sec).
C:\Users\justin\Source\ghostworx\repos\ghostagram\src\Ghostagram.Blazor\Ghostagram.Blazor.csproj : error NU1301: Unable to load the service index for source https://api.nuget.org/v3/index.json. [C:\Users\justin\Source\ghostworx\repos\ghostagram\.swe\implementations\EPIC-002\FEATURE-004\checks\candidate-release\Ghostagram.LocalChecks.slnx]
C:\Users\justin\Source\ghostworx\repos\ghostagram\src\Ghostagram.Blazor\Ghostagram.Blazor.csproj : error NU1301:   An attempt was made to access a socket in a way forbidden by its access permissions. (api.nuget.org:443) [C:\Users\justin\Source\ghostworx\repos\ghostagram\.swe\implementations\EPIC-002\FEATURE-004\checks\candidate-release\Ghostagram.LocalChecks.slnx]
C:\Users\justin\Source\ghostworx\repos\ghostagram\src\Ghostagram.Blazor\Ghostagram.Blazor.csproj : error NU1301:   An attempt was made to access a socket in a way forbidden by its access permissions. [C:\Users\justin\Source\ghostworx\repos\ghostagram\.swe\implementations\EPIC-002\FEATURE-004\checks\candidate-release\Ghostagram.LocalChecks.slnx]
C:\Users\justin\Source\ghostworx\repos\ghostagram\tests\Ghostagram.Layout.Verification\Ghostagram.Layout.Verification.csproj : error NU1301: Unable to load the service index for source https://api.nuget.org/v3/index.json. [C:\Users\justin\Source\ghostworx\repos\ghostagram\.swe\implementations\EPIC-002\FEATURE-004\checks\candidate-release\Ghostagram.LocalChecks.slnx]
C:\Users\justin\Source\ghostworx\repos\ghostagram\tests\Ghostagram.Layout.Verification\Ghostagram.Layout.Verification.csproj : error NU1301:   An attempt was made to access a socket in a way forbidden by its access permissions. (api.nuget.org:443) [C:\Users\justin\Source\ghostworx\repos\ghostagram\.swe\implementations\EPIC-002\FEATURE-004\checks\candidate-release\Ghostagram.LocalChecks.slnx]
C:\Users\justin\Source\ghostworx\repos\ghostagram\tests\Ghostagram.Layout.Verification\Ghostagram.Layout.Verification.csproj : error NU1301:   An attempt was made to access a socket in a way forbidden by its access permissions. [C:\Users\justin\Source\ghostworx\repos\ghostagram\.swe\implementations\EPIC-002\FEATURE-004\checks\candidate-release\Ghostagram.LocalChecks.slnx]
C:\Users\justin\Source\ghostworx\repos\ghostagram\src\Ghostagram.Server\Ghostagram.Server.csproj : error NU1301: Unable to load the service index for source https://api.nuget.org/v3/index.json. [C:\Users\justin\Source\ghostworx\repos\ghostagram\.swe\implementations\EPIC-002\FEATURE-004\checks\candidate-release\Ghostagram.LocalChecks.slnx]
C:\Users\justin\Source\ghostworx\repos\ghostagram\src\Ghostagram.Server\Ghostagram.Server.csproj : error NU1301:   An attempt was made to access a socket in a way forbidden by its access permissions. (api.nuget.org:443) [C:\Users\justin\Source\ghostworx\repos\ghostagram\.swe\implementations\EPIC-002\FEATURE-004\checks\candidate-release\Ghostagram.LocalChecks.slnx]
C:\Users\justin\Source\ghostworx\repos\ghostagram\src\Ghostagram.Server\Ghostagram.Server.csproj : error NU1301:   An attempt was made to access a socket in a way forbidden by its access permissions. [C:\Users\justin\Source\ghostworx\repos\ghostagram\.swe\implementations\EPIC-002\FEATURE-004\checks\candidate-release\Ghostagram.LocalChecks.slnx]
C:\Users\justin\Source\ghostworx\repos\ghostagram\tests\Ghostagram.Persistence.Tests\Ghostagram.Persistence.Tests.csproj : error NU1301: Unable to load the service index for source https://api.nuget.org/v3/index.json. [C:\Users\justin\Source\ghostworx\repos\ghostagram\.swe\implementations\EPIC-002\FEATURE-004\checks\candidate-release\Ghostagram.LocalChecks.slnx]
C:\Users\justin\Source\ghostworx\repos\ghostagram\tests\Ghostagram.Persistence.Tests\Ghostagram.Persistence.Tests.csproj : error NU1301:   An attempt was made to access a socket in a way forbidden by its access permissions. (api.nuget.org:443) [C:\Users\justin\Source\ghostworx\repos\ghostagram\.swe\implementations\EPIC-002\FEATURE-004\checks\candidate-release\Ghostagram.LocalChecks.slnx]
C:\Users\justin\Source\ghostworx\repos\ghostagram\tests\Ghostagram.Persistence.Tests\Ghostagram.Persistence.Tests.csproj : error NU1301:   An attempt was made to access a socket in a way forbidden by its access permissions. [C:\Users\justin\Source\ghostworx\repos\ghostagram\.swe\implementations\EPIC-002\FEATURE-004\checks\candidate-release\Ghostagram.LocalChecks.slnx]
C:\Users\justin\Source\ghostworx\repos\ghostagram\tests\Ghostagram.Server.GraphWorkspace.Tests\Ghostagram.Server.GraphWorkspace.Tests.csproj : error NU1301: Unable to load the service index for source https://api.nuget.org/v3/index.json. [C:\Users\justin\Source\ghostworx\repos\ghostagram\.swe\implementations\EPIC-002\FEATURE-004\checks\candidate-release\Ghostagram.LocalChecks.slnx]
C:\Users\justin\Source\ghostworx\repos\ghostagram\tests\Ghostagram.Server.GraphWorkspace.Tests\Ghostagram.Server.GraphWorkspace.Tests.csproj : error NU1301:   An attempt was made to access a socket in a way forbidden by its access permissions. (api.nuget.org:443) [C:\Users\justin\Source\ghostworx\repos\ghostagram\.swe\implementations\EPIC-002\FEATURE-004\checks\candidate-release\Ghostagram.LocalChecks.slnx]
C:\Users\justin\Source\ghostworx\repos\ghostagram\tests\Ghostagram.Server.GraphWorkspace.Tests\Ghostagram.Server.GraphWorkspace.Tests.csproj : error NU1301:   An attempt was made to access a socket in a way forbidden by its access permissions. [C:\Users\justin\Source\ghostworx\repos\ghostagram\.swe\implementations\EPIC-002\FEATURE-004\checks\candidate-release\Ghostagram.LocalChecks.slnx]
  Failed to restore C:\Users\justin\Source\ghostworx\repos\ghostagram\src\Ghostagram.Blazor\Ghostagram.Blazor.csproj (in 11.36 sec).
