PROJECTION FIXTURE DEBUG: System.InvalidOperationException: The type 'System.ReadOnlySpan`1[System.Byte]' is invalid for serialization or deserialization because it is a pointer type, is a ref struct, or contains generic parameters that have not been replaced by specific types.
   at System.Text.Json.ThrowHelper.ThrowInvalidOperationException_CannotSerializeInvalidType(Type typeToConvert, Type declaringType, MemberInfo memberInfo)
PROJECTION FIXTURE DEBUG: System.InvalidOperationException: The type 'System.ReadOnlySpan`1[System.Byte]' is invalid for serialization or deserialization because it is a pointer type, is a ref struct, or contains generic parameters that have not been replaced by specific types.
   at System.Text.Json.ThrowHelper.ThrowInvalidOperationException_CannotSerializeInvalidType(Type typeToConvert, Type declaringType, MemberInfo memberInfo)
   at System.Text.Json.Serialization.Converters.ObjectConverterFactory.CreateConverter(Type typeToConvert, JsonSerializerOptions options)
   at System.Text.Json.Serialization.JsonConverterFactory.GetConverterInternal(Type typeToConvert, JsonSerializerOptions options)
   at System.Text.Json.Serialization.Metadata.DefaultJsonTypeInfoResolver.GetConverterForType(Type typeToConvert, JsonSerializerOptions options, Boolean resolveJsonConverterAttribute)
   at System.Text.Json.Serialization.Metadata.DefaultJsonTypeInfoResolver.GetTypeInfo(Type type, JsonSerializerOptions options)
   at System.Text.Json.JsonSerializerOptions.GetTypeInfoNoCaching(Type type)
   at System.Text.Json.JsonSerializerOptions.CachingContext.CreateCacheEntry(Type type, CachingContext context)
--- End of stack trace from previous location ---
   at System.Runtime.ExceptionServices.ExceptionDispatchInfo.Throw()
PROJECTION FIXTURE DEBUG: System.InvalidOperationException: The type 'System.ReadOnlySpan`1[System.Byte]' is invalid for serialization or deserialization because it is a pointer type, is a ref struct, or contains generic parameters that have not been replaced by specific types.
   at System.Text.Json.ThrowHelper.ThrowInvalidOperationException_CannotSerializeInvalidType(Type typeToConvert, Type declaringType, MemberInfo memberInfo)
   at System.Text.Json.Serialization.Converters.ObjectConverterFactory.CreateConverter(Type typeToConvert, JsonSerializerOptions options)
   at System.Text.Json.Serialization.JsonConverterFactory.GetConverterInternal(Type typeToConvert, JsonSerializerOptions options)
   at System.Text.Json.Serialization.Metadata.DefaultJsonTypeInfoResolver.GetConverterForType(Type typeToConvert, JsonSerializerOptions options, Boolean resolveJsonConverterAttribute)
   at System.Text.Json.Serialization.Metadata.DefaultJsonTypeInfoResolver.GetTypeInfo(Type type, JsonSerializerOptions options)
   at System.Text.Json.JsonSerializerOptions.GetTypeInfoNoCaching(Type type)
   at System.Text.Json.JsonSerializerOptions.CachingContext.CreateCacheEntry(Type type, CachingContext context)
--- End of stack trace from previous location ---
   at System.Text.Json.JsonSerializerOptions.GetTypeInfoInternal(Type type, Boolean ensureConfigured, Nullable`1 ensureNotNull, Boolean resolveIfMutable, Boolean fallBackToNearestAncestorType)
   at System.Text.Json.Serialization.Metadata.JsonTypeInfo.Configure()
   at System.Text.Json.Serialization.Metadata.JsonTypeInfo.<EnsureConfigured>g__ConfigureSynchronized|174_0()
PROJECTION FIXTURE DEBUG: System.InvalidOperationException: The type 'System.ReadOnlySpan`1[System.Byte]' is invalid for serialization or deserialization because it is a pointer type, is a ref struct, or contains generic parameters that have not been replaced by specific types.
   at System.Text.Json.ThrowHelper.ThrowInvalidOperationException_CannotSerializeInvalidType(Type typeToConvert, Type declaringType, MemberInfo memberInfo)
   at System.Text.Json.Serialization.Converters.ObjectConverterFactory.CreateConverter(Type typeToConvert, JsonSerializerOptions options)
   at System.Text.Json.Serialization.JsonConverterFactory.GetConverterInternal(Type typeToConvert, JsonSerializerOptions options)
   at System.Text.Json.Serialization.Metadata.DefaultJsonTypeInfoResolver.GetConverterForType(Type typeToConvert, JsonSerializerOptions options, Boolean resolveJsonConverterAttribute)
   at System.Text.Json.Serialization.Metadata.DefaultJsonTypeInfoResolver.GetTypeInfo(Type type, JsonSerializerOptions options)
   at System.Text.Json.JsonSerializerOptions.GetTypeInfoNoCaching(Type type)
   at System.Text.Json.JsonSerializerOptions.CachingContext.CreateCacheEntry(Type type, CachingContext context)
--- End of stack trace from previous location ---
   at System.Text.Json.JsonSerializerOptions.GetTypeInfoInternal(Type type, Boolean ensureConfigured, Nullable`1 ensureNotNull, Boolean resolveIfMutable, Boolean fallBackToNearestAncestorType)
   at System.Text.Json.Serialization.Metadata.JsonTypeInfo.Configure()
   at System.Text.Json.Serialization.Metadata.JsonTypeInfo.<EnsureConfigured>g__ConfigureSynchronized|174_0()
   at System.Text.Json.JsonSerializerOptions.GetTypeInfoInternal(Type type, Boolean ensureConfigured, Nullable`1 ensureNotNull, Boolean resolveIfMutable, Boolean fallBackToNearestAncestorType)
   at System.Text.Json.Serialization.Metadata.JsonPropertyInfo.Configure()
   at System.Text.Json.Serialization.Metadata.JsonTypeInfo.ConfigureProperties()
   at System.Text.Json.Serialization.Metadata.JsonTypeInfo.Configure()
   at System.Text.Json.Serialization.Metadata.JsonTypeInfo.<EnsureConfigured>g__ConfigureSynchronized|174_0()
PROJECTION FIXTURE DEBUG: System.InvalidOperationException: Expected Fresh: Failed GRAM-COMP-INVALID:The source could not be projected completely.
   at Ghostagram.Bridge.Tests.DeclarativeComposition.ProjectionBehaviorTests.Fresh(CompositionProjectionResult result) in C:\Users\justin\Source\ghostworx\repos\ghostagram\tests\Ghostagram.Bridge.Tests\DeclarativeComposition\ProjectionBehaviorTests.cs:line 120
Unhandled exception. System.InvalidOperationException: Expected Fresh: Failed GRAM-COMP-INVALID:The source could not be projected completely.
   at Ghostagram.Bridge.Tests.DeclarativeComposition.ProjectionBehaviorTests.Fresh(CompositionProjectionResult result) in C:\Users\justin\Source\ghostworx\repos\ghostagram\tests\Ghostagram.Bridge.Tests\DeclarativeComposition\ProjectionBehaviorTests.cs:line 120
   at Ghostagram.Bridge.Tests.DeclarativeComposition.ProjectionBehaviorTests.Run() in C:\Users\justin\Source\ghostworx\repos\ghostagram\tests\Ghostagram.Bridge.Tests\DeclarativeComposition\ProjectionBehaviorTests.cs:line 27
   at Program.<Main>$(String[] args) in C:\Users\justin\Source\ghostworx\repos\ghostagram\tests\Ghostagram.Bridge.Tests\Program.cs:line 15
